[G5-live] missing-data-4 开始（missing-data）
[G5-live] missing-data-4 完成 exit=0 OK 873666ms
[G5-live] conflict-data-1 开始（conflict-data）
[G5-live] conflict-data-1 完成 exit=0 OK 607282ms
[G5-live] conflict-data-2 开始（conflict-data）
[G5-live] conflict-data-2 完成 exit=0 OK 1169404ms
[G5-live] conflict-data-3 开始（conflict-data）
[G5-live] conflict-data-3 完成 exit=0 OK 797356ms
[G5-live] illegal-order-1 开始（illegal-order）
[G5-live] illegal-order-1 完成 exit=0 OK 794753ms
[G5-live] illegal-order-2 开始（illegal-order）
[G5-live] illegal-order-2 完成 exit=0 OK 1000312ms
[G5-live] illegal-order-3 开始（illegal-order）
[G5-live] illegal-order-3 完成 exit=0 OK 585428ms
[G5-live] 计划 20 个 case | 已执行 20 个（历史 attempt 37 条）| 最终成功 20 个
[G5-live] 已执行口径成功率 100.0%（最终成功/已执行）| 计划口径成功率 100.0%（最终成功/计划 20）
[G5-live] baseline-1 OK 400622ms exit=0
[G5-live] baseline-2 OK 800160ms exit=0
[G5-live] baseline-3 OK 354602ms exit=0
[G5-live] baseline-4 OK 533295ms exit=0
[G5-live] baseline-5 OK 659736ms exit=0
[G5-live] baseline-6 OK 441931ms exit=0
[G5-live] baseline-7 OK 593864ms exit=0
[G5-live] baseline-8 OK 471398ms exit=0
[G5-live] baseline-9 OK 786280ms exit=0
[G5-live] baseline-10 OK 612905ms exit=0
[G5-live] missing-data-1 OK 746107ms exit=0
[G5-live] missing-data-2 OK 1324926ms exit=0
[G5-live] missing-data-3 OK 1566577ms exit=0
[G5-live] missing-data-4 OK 873666ms exit=0
[G5-live] conflict-data-1 OK 607282ms exit=0
[G5-live] conflict-data-2 OK 1169404ms exit=0
[G5-live] conflict-data-3 OK 797356ms exit=0
[G5-live] illegal-order-1 OK 794753ms exit=0
[G5-live] illegal-order-2 OK 1000312ms exit=0
[G5-live] illegal-order-3 OK 585428ms exit=0
